Working in /Users/luisedumarin/Desktop/DOVELA/DOV2
1/ Installing deps (clean)...

added 569 packages, and audited 570 packages in 6s

223 packages are looking for funding
  run `npm fund` for details

9 vulnerabilities (1 low, 3 moderate, 5 high)

To address all issues (including breaking changes), run:
  npm audit fix --force

Run `npm audit` for details.
2/ Running vercel-build (installs devDeps and builds)...

> dovela-astro@0.1.0 vercel-build
> npm install --include=dev && npm run build


up to date, audited 570 packages in 857ms

223 packages are looking for funding
  run `npm fund` for details

9 vulnerabilities (1 low, 3 moderate, 5 high)

To address all issues (including breaking changes), run:
  npm audit fix --force

Run `npm audit` for details.

> dovela-astro@0.1.0 build
> astro build

09:50:10 PM [content] No content directory found. Skipping type generation.
09:50:10 PM [build] output target: static
09:50:10 PM [build] Collecting build info...
09:50:10 PM [build] Completed in 22ms.
09:50:10 PM [build] Building static entrypoints...
09:50:11 PM [build] Completed in 0.83s.

 generating static routes 
▶ src/pages/index.astro
  └─ /index.html (+7ms)
Completed in 8ms.

09:50:11 PM [build] 1 page(s) built in 0.88s
09:50:11 PM [build] Complete!
3/ Installing Vercel CLI (global)...

added 313 packages in 10s

37 packages are looking for funding
  run `npm fund` for details
4/ Login to Vercel (the browser will open). Complete the flow there.
5/ Deploying to production...
https://dovela-lab-landing-8eeoelx8j-dovela-lab-s-projects.vercel.apphttps://dovela-lab-landing-q3kn96vd4-dovela-lab-s-projects.vercel.apphttps://dovela-lab-landing-e0diokst7-dovela-lab-s-projects.vercel.apphttps://dovela-lab-landing-fl09rjsii-dovela-lab-s-projects.vercel.apphttps://dovela-lab-landing-p6cb4lh6e-dovela-lab-s-projects.vercel.apphttps://dovela-lab-landing-pi0ytg1hp-dovela-lab-s-projects.vercel.apphttps://dovela-lab-landing-kwtlyhwf9-dovela-lab-s-projects.vercel.apphttps://dovela-lab-landing-af3stoa98-dovela-lab-s-projects.vercel.app