[    3118ms] [WARNING] The resource http://localhost:4321/images/hero-1200.webp was preloaded using link preload but not used within a few seconds from the window's load event. Please make sure it has an appropriate `as` value and it is preloaded intentionally. @ http://localhost:4321/:0
[   27392ms] [WARNING] The resource http://localhost:4321/images/hero-1200.webp was preloaded using link preload but not used within a few seconds from the window's load event. Please make sure it has an appropriate `as` value and it is preloaded intentionally. @ http://localhost:4321/:0
[   36856ms] TypeError: Cannot read properties of undefined (reading 'file')
    at new ErrorOverlay (http://localhost:4321/@vite/client:762:25)
    at createErrorOverlay (http://localhost:4321/@vite/client:1137:31)
    at handleMessage (http://localhost:4321/@vite/client:1113:17)
    at WebSocket.<anonymous> (http://localhost:4321/@vite/client:965:9)
[   36856ms] TypeError: Cannot read properties of undefined (reading 'file')
    at new ErrorOverlay (http://localhost:4321/@vite/client:762:25)
    at createErrorOverlay (http://localhost:4321/@vite/client:1137:31)
    at handleMessage (http://localhost:4321/@vite/client:1113:17)
    at WebSocket.<anonymous> (http://localhost:4321/@vite/client:965:9)
[   36856ms] TypeError: Cannot read properties of undefined (reading 'file')
    at new ErrorOverlay (http://localhost:4321/@vite/client:762:25)
    at createErrorOverlay (http://localhost:4321/@vite/client:1137:31)
    at handleMessage (http://localhost:4321/@vite/client:1113:17)
    at WebSocket.<anonymous> (http://localhost:4321/@vite/client:965:9)
[   36856ms] TypeError: Cannot read properties of undefined (reading 'file')
    at new ErrorOverlay (http://localhost:4321/@vite/client:762:25)
    at createErrorOverlay (http://localhost:4321/@vite/client:1137:31)
    at handleMessage (http://localhost:4321/@vite/client:1113:17)
    at WebSocket.<anonymous> (http://localhost:4321/@vite/client:965:9)
[   36856ms] TypeError: Cannot read properties of undefined (reading 'file')
    at new ErrorOverlay (http://localhost:4321/@vite/client:762:25)
    at createErrorOverlay (http://localhost:4321/@vite/client:1137:31)
    at handleMessage (http://localhost:4321/@vite/client:1113:17)
    at WebSocket.<anonymous> (http://localhost:4321/@vite/client:965:9)
[   40928ms] [WARNING] The resource http://localhost:4321/images/hero-1200.webp was preloaded using link preload but not used within a few seconds from the window's load event. Please make sure it has an appropriate `as` value and it is preloaded intentionally. @ http://localhost:4321/:0
